НДС
СуммаCНДС
СтрокаДокумента
СтрокаДокумента/ИНН="4653462136232"
СтрокаДокумента/Наименование="ООО Коцик"
СтрокаДокумента/СуммаБезНДС="200.00"
СтрокаДокумента/НДС="20"
СтрокаДокумента/СуммаCНДС="240.00"
